2026-08-09 20:10:29,682 - INFO - Desktop settings loaded successfully
2026-08-09 20:10:29,702 - INFO - Loaded 0 desktop files
2026-08-09 20:10:29,921 - INFO - Loaded 0 desktop files
2026-08-09 20:10:31,581 - INFO - Desktop settings saved successfully
2026-08-09 20:10:32,405 - INFO - Desktop settings saved successfully
2026-08-09 20:10:43,692 - INFO - Status: Ready
2026-08-09 20:10:43,693 - INFO - Status: 4 folders, 1 files
2026-08-09 20:11:49,703 - INFO - File opened: /home/dawid/Pobrane/osmars_test/OSmars PC/files/README_GUI.txt
2026-08-09 20:11:55,837 - INFO - File opened: /home/dawid/Pobrane/osmars_test/OSmars PC/files/programs/Calculator.txt
2026-08-09 20:11:59,967 - INFO - Status: 4 folders, 1 files
2026-08-09 20:12:00,403 - INFO - Status: 8 folders, 1 files
2026-08-09 20:12:02,674 - INFO - Status: 1 folders, 0 files
2026-08-09 20:12:05,431 - INFO - Status: 8 folders, 1 files
2026-08-09 20:12:14,735 - INFO - Status: Copied 1 item(s) to clipboard
2026-08-09 20:12:23,274 - INFO - File opened: /home/dawid/Pobrane/osmars_test/OSmars PC/bin/fastfetch.py
2026-08-09 20:12:39,189 - INFO - Loaded 1 desktop files
2026-08-09 20:12:39,190 - INFO - Created Python file: test.py
2026-08-09 20:12:42,506 - INFO - File opened: /home/dawid/Pobrane/osmars_test/OSmars PC/files/Desktop/test.py
2026-08-09 20:13:08,946 - INFO - File saved: /home/dawid/Pobrane/osmars_test/OSmars PC/files/Desktop/test.py
2026-08-09 20:13:17,513 - INFO - Desktop settings saved successfully
2026-08-09 20:13:17,545 - INFO - Desktop settings saved successfully
2026-08-09 20:13:18,336 - INFO - Status: 0 folders, 1 files
2026-08-09 20:13:19,657 - INFO - Status: 0 folders, 2 files
2026-08-09 20:13:19,657 - INFO - Status: Skopiowano 1 element(ów)
2026-08-09 20:13:21,723 - INFO - Status: 8 folders, 1 files
2026-08-09 20:13:58,561 - INFO - Desktop settings saved successfully
2026-08-09 20:13:58,593 - INFO - Desktop settings saved successfully
2026-08-09 20:14:03,022 - INFO - Desktop settings saved successfully
2026-08-09 20:14:03,029 - INFO - Desktop settings saved successfully
2026-08-09 20:14:05,720 - INFO - Desktop settings saved successfully
2026-08-09 20:14:06,404 - INFO - Desktop settings saved successfully
2026-08-09 20:14:07,444 - INFO - Desktop settings saved successfully
2026-08-09 20:14:27,483 - INFO - Desktop settings saved successfully
2026-08-09 20:14:30,680 - INFO - Desktop settings saved successfully
2026-08-09 20:15:51,696 - INFO - Download started: images
2026-08-09 20:15:51,745 - INFO - Download completed: images
2026-08-09 20:16:49,127 - INFO - Status: Ready
2026-08-09 20:16:49,128 - INFO - Status: 6 folders, 1 files
2026-08-09 20:16:51,615 - INFO - Status: 0 folders, 1 files
2026-08-09 20:16:53,471 - INFO - Status: Cut 1 item(s) to clipboard
2026-08-09 20:16:54,689 - INFO - Status: 6 folders, 1 files
2026-08-09 20:16:57,271 - INFO - Status: 0 folders, 0 files
2026-08-09 20:17:00,462 - INFO - Status: 0 folders, 1 files
2026-08-09 20:17:00,462 - INFO - Status: Moved 1 item(s)
2026-08-09 20:17:33,737 - INFO - Desktop settings saved successfully
2026-08-09 20:17:33,737 - INFO - Wallpaper changed to: /home/dawid/Pobrane/kali.jpg
2026-08-09 20:18:27,994 - INFO - Desktop settings saved successfully
2026-08-09 20:18:27,994 - INFO - Wallpaper changed to: /home/dawid/Pobrane/arch.jpg
2026-08-09 20:18:41,631 - INFO - Desktop settings saved successfully
2026-08-09 20:18:41,631 - INFO - OSmars Desktop shutdown completed
2026-08-09 22:23:55,503 - INFO - Desktop settings loaded successfully
2026-08-09 22:23:55,537 - INFO - Loaded 1 desktop files
2026-08-09 22:23:55,756 - INFO - Loaded 1 desktop files
2026-08-09 22:24:00,156 - INFO - Desktop settings saved successfully
2026-08-09 22:24:00,156 - INFO - OSmars Desktop shutdown completed
2026-08-12 19:18:33,098 - INFO - Desktop settings loaded successfully
2026-08-12 19:18:33,135 - INFO - Loaded 1 desktop files
2026-08-12 19:18:33,341 - INFO - Loaded 1 desktop files
2026-08-12 19:18:40,457 - INFO - Desktop settings saved successfully
2026-08-12 19:18:42,557 - INFO - Desktop settings saved successfully
2026-08-12 19:18:51,659 - INFO - Desktop settings saved successfully
2026-08-12 19:18:51,659 - INFO - OSmars Desktop shutdown completed
2026-08-12 19:53:30,329 - INFO - Desktop settings loaded successfully
2026-08-12 19:53:30,354 - INFO - Loaded 1 desktop files
2026-08-12 19:53:30,552 - INFO - Loaded 1 desktop files
2026-08-12 19:53:58,341 - INFO - Desktop settings saved successfully
2026-08-12 19:53:58,341 - INFO - OSmars Desktop shutdown completed
2026-08-13 14:18:44,158 - INFO - Desktop settings loaded successfully
2026-08-13 14:18:44,195 - INFO - Loaded 1 desktop files
2026-08-13 14:18:44,392 - INFO - Loaded 1 desktop files
2026-08-13 14:18:55,909 - INFO - File opened: /home/dawid/osmars-live/OSmars PC/files/Desktop/test.py
2026-08-13 14:21:40,227 - INFO - Desktop settings saved successfully
2026-08-13 14:21:40,227 - INFO - OSmars Desktop shutdown completed
2026-08-13 14:35:09,087 - INFO - Desktop settings loaded successfully
2026-08-13 14:35:09,109 - INFO - Loaded desktop files from /home/dawid/osmars-live/OSmars PC/files/Desktop
2026-08-13 14:35:09,313 - INFO - Loaded desktop files from /home/dawid/osmars-live/OSmars PC/files/Desktop
2026-08-13 14:35:12,521 - INFO - Desktop settings saved successfully
2026-08-13 14:35:13,069 - INFO - Desktop settings saved successfully
2026-08-13 14:35:14,981 - INFO - Status: Ready
2026-08-13 14:35:14,982 - INFO - Status: 6 folders, 1 files
2026-08-13 14:35:17,123 - INFO - Status: 0 folders, 1 files
2026-08-13 14:35:36,196 - INFO - File moved to desktop: hello.mars
2026-08-13 14:35:36,209 - INFO - Loaded desktop files from /home/dawid/osmars-live/OSmars PC/files/Desktop
2026-08-13 14:35:50,533 - INFO - Loaded desktop files from /home/dawid/osmars-live/OSmars PC/files/Desktop
2026-08-13 14:35:53,391 - INFO - Loaded desktop files from /home/dawid/osmars-live/OSmars PC/files/Desktop
2026-08-13 14:36:01,404 - INFO - Desktop settings saved successfully
2026-08-13 14:36:01,411 - INFO - Desktop settings saved successfully
2026-08-13 14:36:12,379 - INFO - Desktop settings saved successfully
2026-08-13 14:36:14,269 - INFO - Loaded desktop files from /home/dawid/osmars-live/OSmars PC/files/Desktop
2026-08-13 14:36:37,307 - INFO - Desktop settings saved successfully
2026-08-13 14:36:37,307 - INFO - OSmars Desktop shutdown completed
2026-08-13 14:59:04,331 - INFO - Desktop settings loaded successfully
2026-08-13 14:59:04,387 - INFO - Loaded desktop files from /home/dawid/osmars-live/OSmars PC/files/Desktop
2026-08-13 14:59:04,584 - INFO - Loaded desktop files from /home/dawid/osmars-live/OSmars PC/files/Desktop
2026-08-13 14:59:06,804 - INFO - Desktop settings saved successfully
2026-08-13 14:59:07,591 - INFO - Desktop settings saved successfully
2026-08-13 14:59:08,307 - INFO - Desktop settings saved successfully
2026-08-13 14:59:09,374 - INFO - Desktop settings saved successfully
2026-08-13 14:59:09,847 - INFO - Desktop settings saved successfully
2026-08-13 14:59:12,741 - INFO - Desktop settings saved successfully
2026-08-13 14:59:12,753 - INFO - Loaded desktop files from /home/dawid/osmars-live/OSmars PC/files/Desktop
2026-08-13 14:59:14,001 - INFO - Desktop settings saved successfully
2026-08-13 14:59:14,008 - INFO - Desktop settings saved successfully
2026-08-13 14:59:23,772 - INFO - Desktop settings saved successfully
2026-08-13 14:59:23,772 - INFO - OSmars Desktop shutdown completed
2026-08-13 15:04:07,170 - INFO - Desktop settings loaded successfully
2026-08-13 15:04:07,179 - INFO - Loaded desktop files from /home/dawid/osmars-live/OSmars PC/files/Desktop
2026-08-13 15:04:07,379 - INFO - Loaded desktop files from /home/dawid/osmars-live/OSmars PC/files/Desktop
2026-08-13 15:04:09,033 - INFO - Desktop settings saved successfully
2026-08-13 15:04:09,039 - INFO - Desktop settings saved successfully
2026-08-13 15:04:10,008 - INFO - Desktop settings saved successfully
2026-08-13 15:04:10,015 - INFO - Desktop settings saved successfully
2026-08-13 15:04:10,886 - INFO - Desktop settings saved successfully
2026-08-13 15:04:11,601 - INFO - Desktop settings saved successfully
2026-08-13 15:04:12,214 - INFO - Desktop settings saved successfully
2026-08-13 15:04:30,699 - INFO - Desktop settings saved successfully
2026-08-13 15:04:30,699 - INFO - OSmars Desktop shutdown completed
2026-08-13 15:06:11,695 - INFO - Desktop settings loaded successfully
2026-08-13 15:06:11,705 - INFO - Loaded desktop files from /home/dawid/osmars-live/OSmars PC/files/Desktop
2026-08-13 15:06:11,914 - INFO - Loaded desktop files from /home/dawid/osmars-live/OSmars PC/files/Desktop
2026-08-13 15:06:14,489 - INFO - Status: Ready
2026-08-13 15:06:14,490 - INFO - Status: 0 folders, 2 files
2026-08-13 15:07:01,549 - INFO - Desktop settings saved successfully
2026-08-13 15:07:01,549 - INFO - OSmars Desktop shutdown completed
2026-08-13 15:22:18,060 - INFO - Desktop settings loaded successfully
2026-08-13 15:22:18,084 - INFO - Loaded desktop files from /home/dawid/osmars-live/OSmars PC/files/Desktop
2026-08-13 15:22:18,302 - INFO - Loaded desktop files from /home/dawid/osmars-live/OSmars PC/files/Desktop
2026-08-13 15:22:35,101 - INFO - Status: Ready
2026-08-13 15:22:35,101 - INFO - Status: 1 folders, 2 files
2026-08-13 15:31:00,530 - INFO - Desktop settings loaded successfully
2026-08-13 15:31:00,555 - INFO - Loaded desktop files from /home/dawid/osmars-live/OSmars PC/files/Desktop
2026-08-13 15:31:00,776 - INFO - Loaded desktop files from /home/dawid/osmars-live/OSmars PC/files/Desktop
2026-08-13 15:31:37,036 - INFO - Status: Ready
2026-08-13 15:31:37,037 - INFO - Status: 1 folders, 2 files
2026-08-13 15:32:17,707 - INFO - Desktop settings saved successfully
2026-08-13 15:32:17,739 - INFO - Desktop settings saved successfully
2026-08-13 15:32:47,656 - INFO - Desktop settings saved successfully
2026-08-13 15:32:47,656 - INFO - Restarting OSmars Desktop...
2026-08-13 15:32:47,656 - INFO - Desktop settings loaded successfully
2026-08-13 15:32:47,668 - INFO - Loaded desktop files from /home/dawid/osmars-live/OSmars PC/files/Desktop
2026-08-13 15:32:47,865 - INFO - Loaded desktop files from /home/dawid/osmars-live/OSmars PC/files/Desktop
2026-08-13 15:32:50,163 - INFO - Desktop settings saved successfully
2026-08-13 15:32:50,163 - INFO - OSmars Desktop shutdown completed
2026-08-13 15:32:56,050 - INFO - Desktop settings saved successfully
2026-08-13 15:32:56,050 - INFO - OSmars Desktop shutdown completed
2026-08-13 15:33:03,179 - INFO - Desktop settings loaded successfully
2026-08-13 15:33:03,203 - INFO - Loaded desktop files from /home/dawid/osmars-live/OSmars PC/files/Desktop
2026-08-13 15:33:03,406 - INFO - Loaded desktop files from /home/dawid/osmars-live/OSmars PC/files/Desktop
2026-08-13 15:33:04,684 - INFO - Desktop settings saved successfully
2026-08-13 15:33:04,691 - INFO - Desktop settings saved successfully
2026-08-13 15:33:05,440 - INFO - Desktop settings saved successfully
2026-08-13 15:33:06,112 - INFO - Desktop settings saved successfully
2026-08-13 15:33:18,854 - INFO - Loaded desktop files from /home/dawid/osmars-live/OSmars PC/files/Desktop
2026-08-13 15:33:20,001 - INFO - Status: Ready
2026-08-13 15:33:20,002 - INFO - Status: 0 folders, 4 files
2026-08-13 15:33:39,983 - INFO - Desktop settings saved successfully
2026-08-13 15:33:39,983 - INFO - Deleted folder: hello
2026-08-13 15:33:41,426 - INFO - Desktop settings saved successfully
2026-08-13 15:33:41,433 - INFO - Desktop settings saved successfully
2026-08-13 15:33:42,414 - INFO - Desktop settings saved successfully
2026-08-13 15:33:42,421 - INFO - Desktop settings saved successfully
2026-08-13 15:33:43,114 - INFO - Desktop settings saved successfully
2026-08-13 15:33:43,121 - INFO - Desktop settings saved successfully
2026-08-13 15:33:43,718 - INFO - Desktop settings saved successfully
2026-08-13 15:33:43,725 - INFO - Desktop settings saved successfully
2026-08-13 15:33:44,438 - INFO - Desktop settings saved successfully
2026-08-13 15:33:45,012 - INFO - Desktop settings saved successfully
2026-08-13 15:33:45,516 - INFO - Desktop settings saved successfully
2026-08-13 15:41:58,157 - INFO - Desktop settings saved successfully
2026-08-13 15:41:58,157 - INFO - OSmars Desktop shutdown completed
2026-08-13 15:43:56,574 - INFO - Desktop settings loaded successfully
2026-08-13 15:43:56,604 - INFO - Loaded desktop files from /home/dawid/osmars-live/OSmars PC/files/Desktop
2026-08-13 15:43:56,801 - INFO - Loaded desktop files from /home/dawid/osmars-live/OSmars PC/files/Desktop
2026-08-13 15:43:58,717 - INFO - Status: Ready
2026-08-13 15:43:58,719 - INFO - Status: 6 folders, 1 files
2026-08-13 15:44:00,525 - INFO - Desktop settings saved successfully
2026-08-13 15:44:01,188 - INFO - Desktop settings saved successfully
2026-08-13 15:44:01,857 - INFO - Desktop settings saved successfully
2026-08-13 15:44:06,795 - INFO - Desktop settings saved successfully
2026-08-13 15:44:07,574 - INFO - Desktop settings saved successfully
2026-08-13 15:44:10,699 - INFO - Desktop settings saved successfully
2026-08-13 15:44:10,709 - INFO - Loaded desktop files from /home/dawid/osmars-live/OSmars PC/files/Desktop
2026-08-13 15:44:12,971 - INFO - Desktop settings saved successfully
2026-08-13 15:44:14,725 - INFO - File opened: /home/dawid/osmars-live/OSmars PC/files/Desktop/test.py
2026-08-13 15:44:25,747 - INFO - File saved: /home/dawid/osmars-live/OSmars PC/files/Desktop/test.py
2026-08-13 15:44:31,933 - INFO - Desktop settings saved successfully
2026-08-13 15:44:37,570 - INFO - Loaded desktop files from /home/dawid/osmars-live/OSmars PC/files/Desktop
2026-08-13 15:44:37,570 - INFO - Created text file: gowno.txt
2026-08-13 15:44:39,115 - INFO - Desktop settings saved successfully
2026-08-13 15:44:39,596 - INFO - File opened: /home/dawid/osmars-live/OSmars PC/files/Desktop/gowno.txt
2026-08-13 15:44:43,148 - INFO - Desktop settings saved successfully
2026-08-13 15:44:43,148 - INFO - Deleted file: gowno.txt
2026-08-13 15:44:49,111 - INFO - Loaded desktop files from /home/dawid/osmars-live/OSmars PC/files/Desktop
2026-08-13 15:44:49,111 - INFO - Created folder: gowno
2026-08-13 15:44:50,589 - INFO - Desktop settings saved successfully
2026-08-13 15:44:51,344 - INFO - Status: Ready
2026-08-13 15:44:51,345 - INFO - Status: 0 folders, 0 files
2026-08-13 15:44:55,576 - INFO - Desktop settings saved successfully
2026-08-13 15:44:55,576 - INFO - Deleted folder: gowno
2026-08-13 15:44:58,798 - INFO - Status: Ready
2026-08-13 15:44:58,799 - INFO - Status: 6 folders, 1 files
2026-08-13 15:45:11,396 - INFO - Status: 12 folders, 0 files
2026-08-13 15:45:35,652 - INFO - Desktop settings saved successfully
2026-08-13 15:45:36,832 - INFO - Desktop settings saved successfully
2026-08-13 15:45:38,036 - INFO - Desktop settings saved successfully
2026-08-13 15:45:38,469 - INFO - Status: Ready
2026-08-13 15:45:38,470 - INFO - Status: 1 folders, 3 files
2026-08-13 15:45:44,654 - INFO - Desktop settings saved successfully
2026-08-13 15:45:48,874 - INFO - Desktop settings saved successfully
2026-08-13 15:46:54,222 - INFO - Status: Ready
2026-08-13 15:46:54,223 - INFO - Status: 1 folders, 3 files
2026-08-13 15:47:07,497 - INFO - File moved to desktop: clickrush.mars
2026-08-13 15:47:07,532 - INFO - Loaded desktop files from /home/dawid/osmars-live/OSmars PC/files/Desktop
2026-08-13 15:47:10,125 - INFO - Desktop settings saved successfully
2026-08-13 15:47:15,494 - INFO - Loaded desktop files from /home/dawid/osmars-live/OSmars PC/files/Desktop
2026-08-13 15:47:17,607 - INFO - Desktop settings saved successfully
2026-08-13 15:47:18,077 - INFO - Status: Ready
2026-08-13 15:47:18,079 - INFO - Status: 0 folders, 3 files
2026-08-13 15:47:21,790 - INFO - File opened: /home/dawid/osmars-live/OSmars PC/files/Desktop/clickrush/main.py
2026-08-13 15:47:30,104 - INFO - File saved: /home/dawid/osmars-live/OSmars PC/files/Desktop/clickrush/main.py
2026-08-13 15:47:35,838 - INFO - Desktop settings saved successfully
2026-08-13 15:47:35,838 - INFO - Deleted folder: clickrush
2026-08-13 15:47:37,442 - INFO - Desktop settings saved successfully
2026-08-13 15:47:38,706 - INFO - Desktop settings saved successfully
2026-08-13 15:47:41,085 - INFO - Desktop settings saved successfully
2026-08-13 15:47:47,043 - INFO - Desktop settings saved successfully
2026-08-13 15:48:15,242 - INFO - Status: Ready
2026-08-13 15:48:15,243 - INFO - Status: 6 folders, 1 files
2026-08-13 15:48:26,170 - INFO - Status: 12 folders, 0 files
2026-08-13 15:48:27,888 - INFO - Status: 6 folders, 1 files
2026-08-13 15:48:28,996 - INFO - Status: 0 folders, 3 files
2026-08-13 15:48:30,232 - INFO - Status: 0 folders, 3 files
2026-08-13 15:48:30,629 - INFO - Status: 6 folders, 1 files
2026-08-13 15:48:33,413 - INFO - Status: 1 folders, 2 files
2026-08-13 15:48:37,823 - INFO - Status: 6 folders, 1 files
2026-08-13 15:48:37,963 - INFO - Status: 12 folders, 0 files
2026-08-13 15:49:03,557 - INFO - Status: 0 folders, 7 files
2026-08-13 15:49:14,537 - INFO - File opened: /home/dawid/osmars-live/OSmars PC/ver/recovery.txt
2026-08-13 15:49:24,483 - INFO - File saved: /home/dawid/osmars-live/OSmars PC/ver/recovery.txt
2026-08-13 15:49:26,828 - INFO - File opened: /home/dawid/osmars-live/OSmars PC/ver/recovery.json
2026-08-13 15:49:52,455 - INFO - File opened: /home/dawid/osmars-live/OSmars PC/ver/recovery.txt
2026-08-13 15:49:54,036 - INFO - File saved: /home/dawid/osmars-live/OSmars PC/ver/recovery.txt
2026-08-13 15:49:54,168 - INFO - File saved: /home/dawid/osmars-live/OSmars PC/ver/recovery.txt
2026-08-13 15:49:57,830 - INFO - File saved: /home/dawid/osmars-live/OSmars PC/ver/recovery.txt
2026-08-13 15:50:07,260 - INFO - File opened: /home/dawid/osmars-live/OSmars PC/ver/recovery.json
2026-08-13 15:50:20,816 - INFO - File saved: /home/dawid/osmars-live/OSmars PC/ver/recovery.json
2026-08-13 15:50:32,887 - INFO - Status: 0 folders, 3 files
2026-08-13 15:50:32,887 - INFO - Status: Deleted 4 item(s)
2026-08-13 15:51:57,290 - INFO - File opened: /home/dawid/osmars-live/OSmars PC/ver/recovery.txt
2026-08-13 15:52:13,057 - INFO - File saved: /home/dawid/osmars-live/OSmars PC/ver/recovery.txt
2026-08-13 15:52:24,690 - INFO - File saved: /home/dawid/osmars-live/OSmars PC/ver/recovery.txt
2026-08-13 15:52:32,936 - INFO - Status: 12 folders, 0 files
2026-08-13 15:52:36,310 - INFO - Status: 1 folders, 24 files
2026-08-13 15:52:49,332 - INFO - File opened: /home/dawid/osmars-live/OSmars PC/bin/marsupdate.py
2026-08-13 15:53:10,639 - INFO - File opened: /home/dawid/osmars-live/OSmars PC/bin/uptime.py
2026-08-13 15:53:18,301 - INFO - File opened: /home/dawid/osmars-live/OSmars PC/bin/tree.py
2026-08-13 15:53:31,549 - INFO - Status: 12 folders, 0 files
2026-08-13 15:53:34,652 - INFO - Status: 5 folders, 1 files
2026-08-13 15:53:36,370 - INFO - Status: 0 folders, 0 files
2026-08-13 15:53:37,287 - INFO - Status: 5 folders, 1 files
2026-08-13 15:53:38,294 - INFO - Status: 1 folders, 1 files
2026-08-13 15:53:40,379 - INFO - Status: 5 folders, 1 files
2026-08-13 15:53:40,751 - INFO - Status: 12 folders, 0 files
2026-08-13 15:53:51,195 - INFO - Status: 0 folders, 5 files
2026-08-13 15:53:52,295 - INFO - Status: 12 folders, 0 files
2026-08-13 15:53:57,275 - INFO - Status: 0 folders, 5 files
2026-08-13 15:54:00,729 - INFO - File opened: /home/dawid/osmars-live/OSmars PC/ver/recovery.txt
2026-08-13 15:54:05,035 - INFO - File opened: /home/dawid/osmars-live/OSmars PC/ver/hello.json
2026-08-13 15:54:18,145 - INFO - File saved: /home/dawid/osmars-live/OSmars PC/ver/hello.json
2026-08-13 15:54:29,527 - INFO - File saved: /home/dawid/osmars-live/OSmars PC/ver/hello.json
2026-08-13 15:54:43,205 - INFO - File opened: /home/dawid/osmars-live/OSmars PC/ver/hello.json
2026-08-13 15:54:56,719 - INFO - File opened: /home/dawid/osmars-live/OSmars PC/ver/hello.json
2026-08-13 15:55:14,879 - INFO - Desktop settings saved successfully
2026-08-13 15:55:15,444 - INFO - Desktop settings saved successfully
2026-08-13 15:55:15,972 - INFO - Desktop settings saved successfully
2026-08-13 15:55:16,908 - INFO - Desktop settings saved successfully
2026-08-13 15:55:17,300 - INFO - Desktop settings saved successfully
2026-08-13 15:55:17,673 - INFO - Desktop settings saved successfully
2026-08-13 15:55:17,973 - INFO - Desktop settings saved successfully
2026-08-13 15:55:18,317 - INFO - Desktop settings saved successfully
2026-08-13 15:55:18,665 - INFO - Desktop settings saved successfully
2026-08-13 15:55:18,993 - INFO - Desktop settings saved successfully
2026-08-13 15:55:20,053 - INFO - Desktop settings saved successfully
2026-08-13 15:55:20,424 - INFO - Desktop settings saved successfully
2026-08-13 15:55:21,277 - INFO - Desktop settings saved successfully
2026-08-13 15:55:21,665 - INFO - Desktop settings saved successfully
2026-08-13 15:55:22,081 - INFO - Desktop settings saved successfully
2026-08-13 15:55:22,397 - INFO - Desktop settings saved successfully
2026-08-13 15:55:22,826 - INFO - Desktop settings saved successfully
2026-08-13 15:55:25,613 - INFO - Desktop settings saved successfully
2026-08-13 15:55:26,980 - INFO - Desktop settings saved successfully
2026-08-13 15:55:28,302 - INFO - Desktop settings saved successfully
2026-08-13 15:55:29,579 - INFO - Desktop settings saved successfully
2026-08-13 15:55:32,417 - INFO - Desktop settings saved successfully
2026-08-13 15:55:32,430 - INFO - Loaded desktop files from /home/dawid/osmars-live/OSmars PC/files/Desktop
2026-08-13 15:55:55,238 - INFO - Desktop settings saved successfully
2026-08-13 15:55:55,238 - INFO - OSmars Desktop shutdown completed
2026-08-13 16:00:25,332 - INFO - Desktop settings loaded successfully
2026-08-13 16:00:25,373 - INFO - Loaded desktop files from /home/dawid/osmars-live/OSmars PC/files/Desktop
2026-08-13 16:00:25,595 - INFO - Loaded desktop files from /home/dawid/osmars-live/OSmars PC/files/Desktop
2026-08-13 16:00:27,305 - INFO - Desktop settings saved successfully
2026-08-13 16:00:30,356 - INFO - Desktop settings saved successfully
2026-08-13 16:00:30,378 - INFO - Loaded desktop files from /home/dawid/osmars-live/OSmars PC/files/Desktop
2026-08-13 16:00:31,608 - INFO - Desktop settings saved successfully
2026-08-13 16:00:31,615 - INFO - Desktop settings saved successfully
2026-08-13 16:00:32,677 - INFO - Desktop settings saved successfully
2026-08-13 16:00:32,684 - INFO - Desktop settings saved successfully
2026-08-13 16:00:33,429 - INFO - Desktop settings saved successfully
2026-08-13 16:00:34,281 - INFO - Desktop settings saved successfully
2026-08-13 16:00:34,847 - INFO - Desktop settings saved successfully
2026-08-13 16:00:35,612 - INFO - Desktop settings saved successfully
2026-08-13 16:00:36,309 - INFO - Desktop settings saved successfully
2026-08-13 16:00:36,718 - INFO - Desktop settings saved successfully
2026-08-13 16:00:42,004 - INFO - Desktop settings saved successfully
2026-08-13 16:00:42,004 - INFO - OSmars Desktop shutdown completed
2026-08-13 16:01:11,967 - INFO - Desktop settings loaded successfully
2026-08-13 16:01:12,011 - INFO - Loaded desktop files from /home/dawid/osmars-live/OSmars PC/files/Desktop
2026-08-13 16:01:12,237 - INFO - Loaded desktop files from /home/dawid/osmars-live/OSmars PC/files/Desktop
2026-08-13 16:01:15,207 - INFO - Desktop settings saved successfully
2026-08-13 16:01:15,240 - INFO - Loaded desktop files from /home/dawid/osmars-live/OSmars PC/files/Desktop
2026-08-13 16:01:17,356 - INFO - Desktop settings saved successfully
2026-08-13 16:01:19,109 - INFO - Desktop settings saved successfully
2026-08-13 16:01:23,497 - INFO - Desktop settings saved successfully
2026-08-13 16:01:55,980 - INFO - Desktop settings saved successfully
2026-08-13 16:02:02,976 - INFO - File opened: /home/dawid/osmars-live/OSmars PC/files/Desktop/test.py
2026-08-13 16:02:06,236 - INFO - Desktop settings saved successfully
2026-08-13 16:02:27,039 - INFO - Status: Ready
2026-08-13 16:02:27,041 - INFO - Status: 6 folders, 1 files
2026-08-13 16:02:28,098 - INFO - Status: 12 folders, 0 files
2026-08-13 16:02:54,953 - INFO - Status: 12 folders, 1 files
2026-08-13 16:02:54,953 - INFO - Status: Skopiowano 1 element(ów)
2026-08-13 16:02:58,628 - INFO - Status: 12 folders, 1 files
2026-08-13 16:02:58,628 - INFO - Status: Deleted 1 item(s)
2026-08-13 16:03:03,121 - INFO - Loaded desktop files from /home/dawid/osmars-live/OSmars PC/files/Desktop
2026-08-13 16:06:26,230 - INFO - Download started: clickrush.mars
2026-08-13 16:06:26,265 - INFO - Download completed: clickrush.mars
2026-08-13 16:06:38,524 - INFO - Status: Ready
2026-08-13 16:06:38,525 - INFO - Status: 1 folders, 5 files
2026-08-13 16:07:06,384 - INFO - File moved to desktop: clickrush (1).mars
2026-08-13 16:07:06,407 - INFO - Loaded desktop files from /home/dawid/osmars-live/OSmars PC/files/Desktop
2026-08-13 16:07:09,628 - INFO - Desktop settings saved successfully
2026-08-13 16:07:10,246 - INFO - Desktop settings saved successfully
2026-08-13 16:07:14,681 - INFO - Desktop settings saved successfully
2026-08-13 16:07:14,681 - INFO - Deleted file: clickrush.mars
2026-08-13 16:07:18,960 - INFO - Loaded desktop files from /home/dawid/osmars-live/OSmars PC/files/Desktop
2026-08-13 16:07:20,345 - INFO - Desktop settings saved successfully
2026-08-13 16:07:21,332 - INFO - Desktop settings saved successfully
2026-08-13 16:07:24,146 - INFO - Status: Ready
2026-08-13 16:07:24,147 - INFO - Status: 0 folders, 3 files
2026-08-13 16:07:43,372 - INFO - File opened: /home/dawid/osmars-live/OSmars PC/files/Desktop/clickrush (1)/mars.json
2026-08-13 16:07:54,569 - INFO - File saved: /home/dawid/osmars-live/OSmars PC/files/Desktop/clickrush (1)/mars.json
2026-08-13 16:08:26,290 - INFO - Desktop settings saved successfully
2026-08-13 16:08:32,988 - INFO - Loaded desktop files from /home/dawid/osmars-live/OSmars PC/files/Desktop
2026-08-13 16:12:41,767 - INFO - Desktop settings saved successfully
2026-08-13 16:12:42,382 - INFO - Desktop settings saved successfully
2026-08-13 16:12:42,948 - INFO - Desktop settings saved successfully
2026-08-13 16:12:44,732 - INFO - Desktop settings saved successfully
2026-08-13 16:12:45,560 - INFO - Desktop settings saved successfully
2026-08-13 16:12:46,187 - INFO - Status: Ready
2026-08-13 16:12:46,188 - INFO - Status: 6 folders, 1 files
2026-08-13 16:13:40,624 - INFO - Desktop settings saved successfully
2026-08-13 16:13:43,512 - INFO - Desktop settings saved successfully
2026-08-13 16:13:43,525 - INFO - Loaded desktop files from /home/dawid/osmars-live/OSmars PC/files/Desktop
2026-08-13 16:13:50,221 - INFO - Desktop settings saved successfully
2026-08-13 16:13:50,222 - INFO - Deleted folder: clickrush (1)
2026-08-13 16:13:57,366 - INFO - Desktop settings saved successfully
2026-08-13 16:13:57,366 - INFO - OSmars Desktop shutdown completed
